Integers:
2==2, 2!=2, 2<=2, 2>=2, 2<2, 2>2 <True> <False> <True> <True> <False> <False>
2==3, 2!=3, 2<=3, 2>=3, 2<3, 2>3 <False> <True> <True> <False> <True> <False>
3==2, 3!=2, 3<=2, 3>=2, 3<2, 3>2 <False> <True> <False> <True> <False> <True>
Strings:
a < a, a > a, a <= a, a >= a <False> <False> <True> <True>
a < b, a > b, a <= b, a >= b <True> <False> <True> <False>
a < aa, a > aa, a <= aa, a >= aa <True> <False> <True> <False>
